// Jest Snapshot v1, https://goo.gl/fbAQLP

exports[`PostDisplay test renders without crash 1`] = `
<WithStyles(ForwardRef(Card))
  className="makeStyles-card-1"
>
  <WithStyles(ForwardRef(CardHeader))
    avatar={
      <ForwardRef(WithStyles)
        aria-label="recipe"
      />
    }
    subheader="Invalid Date Invalid Date"
    title="userId"
  />
  <WithStyles(ForwardRef(CardContent))>
    <PostCanvas
      backgroundColor="#ffffff"
      color="#ffffff"
      fontFamily="Roboto"
      fontSize={40}
      fontWeight={400}
      textAlign="left"
      textContent=""
    />
  </WithStyles(ForwardRef(CardContent))>
</WithStyles(ForwardRef(Card))>
`;
