// Jest Snapshot v1, https://goo.gl/fbAQLP

exports[`ColorSelect test renders without crash 1`] = `
<Fragment>
  <WithStyles(ForwardRef(Typography))
    variant="caption"
  >
    label
  </WithStyles(ForwardRef(Typography))>
  <ColorPicker
    color="#ffffff"
    onChangeComplete={[Function]}
    pointer={[Function]}
    styles={Object {}}
  />
</Fragment>
`;
