// Jest Snapshot v1, https://goo.gl/fbAQLP

exports[`FontWeightSelect test renders without crash 1`] = `
<WithStyles(ForwardRef(Select))
  fullWidth={true}
  onChange={[Function]}
  value={400}
>
  <WithStyles(ForwardRef(MenuItem))
    key="0"
    value={400}
  >
    400
  </WithStyles(ForwardRef(MenuItem))>
  <WithStyles(ForwardRef(MenuItem))
    key="1"
    value={600}
  >
    600
  </WithStyles(ForwardRef(MenuItem))>
</WithStyles(ForwardRef(Select))>
`;
