// Jest Snapshot v1, https://goo.gl/fbAQLP

exports[`Landing component renders without crashing 1`] = `
<Landing>
  <WithStyles(ForwardRef(Container))
    maxWidth="sm"
  >
    <ForwardRef(Container)
      classes={
        Object {
          "disableGutters": "MuiContainer-disableGutters",
          "fixed": "MuiContainer-fixed",
          "maxWidthLg": "MuiContainer-maxWidthLg",
          "maxWidthMd": "MuiContainer-maxWidthMd",
          "maxWidthSm": "MuiContainer-maxWidthSm",
          "maxWidthXl": "MuiContainer-maxWidthXl",
          "maxWidthXs": "MuiContainer-maxWidthXs",
          "root": "MuiContainer-root",
        }
      }
      maxWidth="sm"
    >
      <div
        className="MuiContainer-root MuiContainer-maxWidthSm"
      >
        <SignIn
          setShowSignin={[Function]}
          signin={[Function]}
        >
          <form
            onSubmit={[Function]}
          >
            <WithStyles(ForwardRef(Grid))
              alignItems="center"
              container={true}
              direction="column"
              justify="center"
              spacing={2}
              style={
                Object {
                  "minHeight": " 100vh",
                  "overflowX": "auto",
                }
              }
            >
              <ForwardRef(Grid)
                alignItems="center"
                classes={
                  Object {
                    "align-content-xs-center": "MuiGrid-align-content-xs-center",
                    "align-content-xs-flex-end": "MuiGrid-align-content-xs-flex-end",
                    "align-content-xs-flex-start": "MuiGrid-align-content-xs-flex-start",
                    "align-content-xs-space-around": "MuiGrid-align-content-xs-space-around",
                    "align-content-xs-space-between": "MuiGrid-align-content-xs-space-between",
                    "align-items-xs-baseline": "MuiGrid-align-items-xs-baseline",
                    "align-items-xs-center": "MuiGrid-align-items-xs-center",
                    "align-items-xs-flex-end": "MuiGrid-align-items-xs-flex-end",
                    "align-items-xs-flex-start": "MuiGrid-align-items-xs-flex-start",
                    "container": "MuiGrid-container",
                    "direction-xs-column": "MuiGrid-direction-xs-column",
                    "direction-xs-column-reverse": "MuiGrid-direction-xs-column-reverse",
                    "direction-xs-row-reverse": "MuiGrid-direction-xs-row-reverse",
                    "grid-lg-1": "MuiGrid-grid-lg-1",
                    "grid-lg-10": "MuiGrid-grid-lg-10",
                    "grid-lg-11": "MuiGrid-grid-lg-11",
                    "grid-lg-12": "MuiGrid-grid-lg-12",
                    "grid-lg-2": "MuiGrid-grid-lg-2",
                    "grid-lg-3": "MuiGrid-grid-lg-3",
                    "grid-lg-4": "MuiGrid-grid-lg-4",
                    "grid-lg-5": "MuiGrid-grid-lg-5",
                    "grid-lg-6": "MuiGrid-grid-lg-6",
                    "grid-lg-7": "MuiGrid-grid-lg-7",
                    "grid-lg-8": "MuiGrid-grid-lg-8",
                    "grid-lg-9": "MuiGrid-grid-lg-9",
                    "grid-lg-auto": "MuiGrid-grid-lg-auto",
                    "grid-lg-true": "MuiGrid-grid-lg-true",
                    "grid-md-1": "MuiGrid-grid-md-1",
                    "grid-md-10": "MuiGrid-grid-md-10",
                    "grid-md-11": "MuiGrid-grid-md-11",
                    "grid-md-12": "MuiGrid-grid-md-12",
                    "grid-md-2": "MuiGrid-grid-md-2",
                    "grid-md-3": "MuiGrid-grid-md-3",
                    "grid-md-4": "MuiGrid-grid-md-4",
                    "grid-md-5": "MuiGrid-grid-md-5",
                    "grid-md-6": "MuiGrid-grid-md-6",
                    "grid-md-7": "MuiGrid-grid-md-7",
                    "grid-md-8": "MuiGrid-grid-md-8",
                    "grid-md-9": "MuiGrid-grid-md-9",
                    "grid-md-auto": "MuiGrid-grid-md-auto",
                    "grid-md-true": "MuiGrid-grid-md-true",
                    "grid-sm-1": "MuiGrid-grid-sm-1",
                    "grid-sm-10": "MuiGrid-grid-sm-10",
                    "grid-sm-11": "MuiGrid-grid-sm-11",
                    "grid-sm-12": "MuiGrid-grid-sm-12",
                    "grid-sm-2": "MuiGrid-grid-sm-2",
                    "grid-sm-3": "MuiGrid-grid-sm-3",
                    "grid-sm-4": "MuiGrid-grid-sm-4",
                    "grid-sm-5": "MuiGrid-grid-sm-5",
                    "grid-sm-6": "MuiGrid-grid-sm-6",
                    "grid-sm-7": "MuiGrid-grid-sm-7",
                    "grid-sm-8": "MuiGrid-grid-sm-8",
                    "grid-sm-9": "MuiGrid-grid-sm-9",
                    "grid-sm-auto": "MuiGrid-grid-sm-auto",
                    "grid-sm-true": "MuiGrid-grid-sm-true",
                    "grid-xl-1": "MuiGrid-grid-xl-1",
                    "grid-xl-10": "MuiGrid-grid-xl-10",
                    "grid-xl-11": "MuiGrid-grid-xl-11",
                    "grid-xl-12": "MuiGrid-grid-xl-12",
                    "grid-xl-2": "MuiGrid-grid-xl-2",
                    "grid-xl-3": "MuiGrid-grid-xl-3",
                    "grid-xl-4": "MuiGrid-grid-xl-4",
                    "grid-xl-5": "MuiGrid-grid-xl-5",
                    "grid-xl-6": "MuiGrid-grid-xl-6",
                    "grid-xl-7": "MuiGrid-grid-xl-7",
                    "grid-xl-8": "MuiGrid-grid-xl-8",
                    "grid-xl-9": "MuiGrid-grid-xl-9",
                    "grid-xl-auto": "MuiGrid-grid-xl-auto",
                    "grid-xl-true": "MuiGrid-grid-xl-true",
                    "grid-xs-1": "MuiGrid-grid-xs-1",
                    "grid-xs-10": "MuiGrid-grid-xs-10",
                    "grid-xs-11": "MuiGrid-grid-xs-11",
                    "grid-xs-12": "MuiGrid-grid-xs-12",
                    "grid-xs-2": "MuiGrid-grid-xs-2",
                    "grid-xs-3": "MuiGrid-grid-xs-3",
                    "grid-xs-4": "MuiGrid-grid-xs-4",
                    "grid-xs-5": "MuiGrid-grid-xs-5",
                    "grid-xs-6": "MuiGrid-grid-xs-6",
                    "grid-xs-7": "MuiGrid-grid-xs-7",
                    "grid-xs-8": "MuiGrid-grid-xs-8",
                    "grid-xs-9": "MuiGrid-grid-xs-9",
                    "grid-xs-auto": "MuiGrid-grid-xs-auto",
                    "grid-xs-true": "MuiGrid-grid-xs-true",
                    "item": "MuiGrid-item",
                    "justify-xs-center": "MuiGrid-justify-xs-center",
                    "justify-xs-flex-end": "MuiGrid-justify-xs-flex-end",
                    "justify-xs-space-around": "MuiGrid-justify-xs-space-around",
                    "justify-xs-space-between": "MuiGrid-justify-xs-space-between",
                    "justify-xs-space-evenly": "MuiGrid-justify-xs-space-evenly",
                    "root": "MuiGrid-root",
                    "spacing-xs-1": "MuiGrid-spacing-xs-1",
                    "spacing-xs-10": "MuiGrid-spacing-xs-10",
                    "spacing-xs-2": "MuiGrid-spacing-xs-2",
                    "spacing-xs-3": "MuiGrid-spacing-xs-3",
                    "spacing-xs-4": "MuiGrid-spacing-xs-4",
                    "spacing-xs-5": "MuiGrid-spacing-xs-5",
                    "spacing-xs-6": "MuiGrid-spacing-xs-6",
                    "spacing-xs-7": "MuiGrid-spacing-xs-7",
                    "spacing-xs-8": "MuiGrid-spacing-xs-8",
                    "spacing-xs-9": "MuiGrid-spacing-xs-9",
                    "wrap-xs-nowrap": "MuiGrid-wrap-xs-nowrap",
                    "wrap-xs-wrap-reverse": "MuiGrid-wrap-xs-wrap-reverse",
                    "zeroMinWidth": "MuiGrid-zeroMinWidth",
                  }
                }
                container={true}
                direction="column"
                justify="center"
                spacing={2}
                style={
                  Object {
                    "minHeight": " 100vh",
                    "overflowX": "auto",
                  }
                }
              >
                <div
                  className="MuiGrid-root MuiGrid-container MuiGrid-spacing-xs-2 MuiGrid-direction-xs-column MuiGrid-align-items-xs-center MuiGrid-justify-xs-center"
                  style={
                    Object {
                      "minHeight": " 100vh",
                      "overflowX": "auto",
                    }
                  }
                >
                  <WithStyles(ForwardRef(Grid))
                    item={true}
                  >
                    <ForwardRef(Grid)
                      classes={
                        Object {
                          "align-content-xs-center": "MuiGrid-align-content-xs-center",
                          "align-content-xs-flex-end": "MuiGrid-align-content-xs-flex-end",
                          "align-content-xs-flex-start": "MuiGrid-align-content-xs-flex-start",
                          "align-content-xs-space-around": "MuiGrid-align-content-xs-space-around",
                          "align-content-xs-space-between": "MuiGrid-align-content-xs-space-between",
                          "align-items-xs-baseline": "MuiGrid-align-items-xs-baseline",
                          "align-items-xs-center": "MuiGrid-align-items-xs-center",
                          "align-items-xs-flex-end": "MuiGrid-align-items-xs-flex-end",
                          "align-items-xs-flex-start": "MuiGrid-align-items-xs-flex-start",
                          "container": "MuiGrid-container",
                          "direction-xs-column": "MuiGrid-direction-xs-column",
                          "direction-xs-column-reverse": "MuiGrid-direction-xs-column-reverse",
                          "direction-xs-row-reverse": "MuiGrid-direction-xs-row-reverse",
                          "grid-lg-1": "MuiGrid-grid-lg-1",
                          "grid-lg-10": "MuiGrid-grid-lg-10",
                          "grid-lg-11": "MuiGrid-grid-lg-11",
                          "grid-lg-12": "MuiGrid-grid-lg-12",
                          "grid-lg-2": "MuiGrid-grid-lg-2",
                          "grid-lg-3": "MuiGrid-grid-lg-3",
                          "grid-lg-4": "MuiGrid-grid-lg-4",
                          "grid-lg-5": "MuiGrid-grid-lg-5",
                          "grid-lg-6": "MuiGrid-grid-lg-6",
                          "grid-lg-7": "MuiGrid-grid-lg-7",
                          "grid-lg-8": "MuiGrid-grid-lg-8",
                          "grid-lg-9": "MuiGrid-grid-lg-9",
                          "grid-lg-auto": "MuiGrid-grid-lg-auto",
                          "grid-lg-true": "MuiGrid-grid-lg-true",
                          "grid-md-1": "MuiGrid-grid-md-1",
                          "grid-md-10": "MuiGrid-grid-md-10",
                          "grid-md-11": "MuiGrid-grid-md-11",
                          "grid-md-12": "MuiGrid-grid-md-12",
                          "grid-md-2": "MuiGrid-grid-md-2",
                          "grid-md-3": "MuiGrid-grid-md-3",
                          "grid-md-4": "MuiGrid-grid-md-4",
                          "grid-md-5": "MuiGrid-grid-md-5",
                          "grid-md-6": "MuiGrid-grid-md-6",
                          "grid-md-7": "MuiGrid-grid-md-7",
                          "grid-md-8": "MuiGrid-grid-md-8",
                          "grid-md-9": "MuiGrid-grid-md-9",
                          "grid-md-auto": "MuiGrid-grid-md-auto",
                          "grid-md-true": "MuiGrid-grid-md-true",
                          "grid-sm-1": "MuiGrid-grid-sm-1",
                          "grid-sm-10": "MuiGrid-grid-sm-10",
                          "grid-sm-11": "MuiGrid-grid-sm-11",
                          "grid-sm-12": "MuiGrid-grid-sm-12",
                          "grid-sm-2": "MuiGrid-grid-sm-2",
                          "grid-sm-3": "MuiGrid-grid-sm-3",
                          "grid-sm-4": "MuiGrid-grid-sm-4",
                          "grid-sm-5": "MuiGrid-grid-sm-5",
                          "grid-sm-6": "MuiGrid-grid-sm-6",
                          "grid-sm-7": "MuiGrid-grid-sm-7",
                          "grid-sm-8": "MuiGrid-grid-sm-8",
                          "grid-sm-9": "MuiGrid-grid-sm-9",
                          "grid-sm-auto": "MuiGrid-grid-sm-auto",
                          "grid-sm-true": "MuiGrid-grid-sm-true",
                          "grid-xl-1": "MuiGrid-grid-xl-1",
                          "grid-xl-10": "MuiGrid-grid-xl-10",
                          "grid-xl-11": "MuiGrid-grid-xl-11",
                          "grid-xl-12": "MuiGrid-grid-xl-12",
                          "grid-xl-2": "MuiGrid-grid-xl-2",
                          "grid-xl-3": "MuiGrid-grid-xl-3",
                          "grid-xl-4": "MuiGrid-grid-xl-4",
                          "grid-xl-5": "MuiGrid-grid-xl-5",
                          "grid-xl-6": "MuiGrid-grid-xl-6",
                          "grid-xl-7": "MuiGrid-grid-xl-7",
                          "grid-xl-8": "MuiGrid-grid-xl-8",
                          "grid-xl-9": "MuiGrid-grid-xl-9",
                          "grid-xl-auto": "MuiGrid-grid-xl-auto",
                          "grid-xl-true": "MuiGrid-grid-xl-true",
                          "grid-xs-1": "MuiGrid-grid-xs-1",
                          "grid-xs-10": "MuiGrid-grid-xs-10",
                          "grid-xs-11": "MuiGrid-grid-xs-11",
                          "grid-xs-12": "MuiGrid-grid-xs-12",
                          "grid-xs-2": "MuiGrid-grid-xs-2",
                          "grid-xs-3": "MuiGrid-grid-xs-3",
                          "grid-xs-4": "MuiGrid-grid-xs-4",
                          "grid-xs-5": "MuiGrid-grid-xs-5",
                          "grid-xs-6": "MuiGrid-grid-xs-6",
                          "grid-xs-7": "MuiGrid-grid-xs-7",
                          "grid-xs-8": "MuiGrid-grid-xs-8",
                          "grid-xs-9": "MuiGrid-grid-xs-9",
                          "grid-xs-auto": "MuiGrid-grid-xs-auto",
                          "grid-xs-true": "MuiGrid-grid-xs-true",
                          "item": "MuiGrid-item",
                          "justify-xs-center": "MuiGrid-justify-xs-center",
                          "justify-xs-flex-end": "MuiGrid-justify-xs-flex-end",
                          "justify-xs-space-around": "MuiGrid-justify-xs-space-around",
                          "justify-xs-space-between": "MuiGrid-justify-xs-space-between",
                          "justify-xs-space-evenly": "MuiGrid-justify-xs-space-evenly",
                          "root": "MuiGrid-root",
                          "spacing-xs-1": "MuiGrid-spacing-xs-1",
                          "spacing-xs-10": "MuiGrid-spacing-xs-10",
                          "spacing-xs-2": "MuiGrid-spacing-xs-2",
                          "spacing-xs-3": "MuiGrid-spacing-xs-3",
                          "spacing-xs-4": "MuiGrid-spacing-xs-4",
                          "spacing-xs-5": "MuiGrid-spacing-xs-5",
                          "spacing-xs-6": "MuiGrid-spacing-xs-6",
                          "spacing-xs-7": "MuiGrid-spacing-xs-7",
                          "spacing-xs-8": "MuiGrid-spacing-xs-8",
                          "spacing-xs-9": "MuiGrid-spacing-xs-9",
                          "wrap-xs-nowrap": "MuiGrid-wrap-xs-nowrap",
                          "wrap-xs-wrap-reverse": "MuiGrid-wrap-xs-wrap-reverse",
                          "zeroMinWidth": "MuiGrid-zeroMinWidth",
                        }
                      }
                      item={true}
                    >
                      <div
                        className="MuiGrid-root MuiGrid-item"
                      >
                        <WithStyles(ForwardRef(TextField))
                          error={false}
                          id="standard-basic"
                          label="Email"
                          name="email"
                          onChange={[Function]}
                          type="Email"
                          value=""
                        >
                          <ForwardRef(TextField)
                            classes={
                              Object {
                                "root": "MuiTextField-root",
                              }
                            }
                            error={false}
                            id="standard-basic"
                            label="Email"
                            name="email"
                            onChange={[Function]}
                            type="Email"
                            value=""
                          >
                            <WithStyles(ForwardRef(FormControl))
                              className="MuiTextField-root"
                              color="primary"
                              disabled={false}
                              error={false}
                              fullWidth={false}
                              required={false}
                              variant="standard"
                            >
                              <ForwardRef(FormControl)
                                className="MuiTextField-root"
                                classes={
                                  Object {
                                    "fullWidth": "MuiFormControl-fullWidth",
                                    "marginDense": "MuiFormControl-marginDense",
                                    "marginNormal": "MuiFormControl-marginNormal",
                                    "root": "MuiFormControl-root",
                                  }
                                }
                                color="primary"
                                disabled={false}
                                error={false}
                                fullWidth={false}
                                required={false}
                                variant="standard"
                              >
                                <div
                                  className="MuiFormControl-root MuiTextField-root"
                                >
                                  <WithStyles(ForwardRef(InputLabel))
                                    htmlFor="standard-basic"
                                    id="standard-basic-label"
                                  >
                                    <ForwardRef(InputLabel)
                                      classes={
                                        Object {
                                          "animated": "MuiInputLabel-animated",
                                          "asterisk": "MuiInputLabel-asterisk",
                                          "disabled": "Mui-disabled",
                                          "error": "Mui-error",
                                          "filled": "MuiInputLabel-filled",
                                          "focused": "Mui-focused",
                                          "formControl": "MuiInputLabel-formControl",
                                          "marginDense": "MuiInputLabel-marginDense",
                                          "outlined": "MuiInputLabel-outlined",
                                          "required": "Mui-required",
                                          "root": "MuiInputLabel-root",
                                          "shrink": "MuiInputLabel-shrink",
                                        }
                                      }
                                      htmlFor="standard-basic"
                                      id="standard-basic-label"
                                    >
                                      <WithStyles(ForwardRef(FormLabel))
                                        className="MuiInputLabel-root MuiInputLabel-formControl MuiInputLabel-animated"
                                        classes={
                                          Object {
                                            "asterisk": "MuiInputLabel-asterisk",
                                            "disabled": "Mui-disabled",
                                            "error": "Mui-error",
                                            "focused": "Mui-focused",
                                            "required": "Mui-required",
                                          }
                                        }
                                        data-shrink={false}
                                        htmlFor="standard-basic"
                                        id="standard-basic-label"
                                      >
                                        <ForwardRef(FormLabel)
                                          className="MuiInputLabel-root MuiInputLabel-formControl MuiInputLabel-animated"
                                          classes={
                                            Object {
                                              "asterisk": "MuiFormLabel-asterisk MuiInputLabel-asterisk",
                                              "colorSecondary": "MuiFormLabel-colorSecondary",
                                              "disabled": "Mui-disabled Mui-disabled",
                                              "error": "Mui-error Mui-error",
                                              "filled": "MuiFormLabel-filled",
                                              "focused": "Mui-focused Mui-focused",
                                              "required": "Mui-required Mui-required",
                                              "root": "MuiFormLabel-root",
                                            }
                                          }
                                          data-shrink={false}
                                          htmlFor="standard-basic"
                                          id="standard-basic-label"
                                        >
                                          <label
                                            className="MuiFormLabel-root MuiInputLabel-root MuiInputLabel-formControl MuiInputLabel-animated"
                                            data-shrink={false}
                                            htmlFor="standard-basic"
                                            id="standard-basic-label"
                                          >
                                            Email
                                          </label>
                                        </ForwardRef(FormLabel)>
                                      </WithStyles(ForwardRef(FormLabel))>
                                    </ForwardRef(InputLabel)>
                                  </WithStyles(ForwardRef(InputLabel))>
                                  <WithStyles(ForwardRef(Input))
                                    autoFocus={false}
                                    fullWidth={false}
                                    id="standard-basic"
                                    multiline={false}
                                    name="email"
                                    onChange={[Function]}
                                    type="Email"
                                    value=""
                                  >
                                    <ForwardRef(Input)
                                      autoFocus={false}
                                      classes={
                                        Object {
                                          "colorSecondary": "MuiInput-colorSecondary",
                                          "disabled": "Mui-disabled",
                                          "error": "Mui-error",
                                          "focused": "Mui-focused",
                                          "formControl": "MuiInput-formControl",
                                          "fullWidth": "MuiInput-fullWidth",
                                          "input": "MuiInput-input",
                                          "inputMarginDense": "MuiInput-inputMarginDense",
                                          "inputMultiline": "MuiInput-inputMultiline",
                                          "inputTypeSearch": "MuiInput-inputTypeSearch",
                                          "marginDense": "MuiInput-marginDense",
                                          "multiline": "MuiInput-multiline",
                                          "root": "MuiInput-root",
                                          "underline": "MuiInput-underline",
                                        }
                                      }
                                      fullWidth={false}
                                      id="standard-basic"
                                      multiline={false}
                                      name="email"
                                      onChange={[Function]}
                                      type="Email"
                                      value=""
                                    >
                                      <WithStyles(ForwardRef(InputBase))
                                        autoFocus={false}
                                        classes={
                                          Object {
                                            "colorSecondary": "MuiInput-colorSecondary",
                                            "disabled": "Mui-disabled",
                                            "error": "Mui-error",
                                            "focused": "Mui-focused",
                                            "formControl": "MuiInput-formControl",
                                            "fullWidth": "MuiInput-fullWidth",
                                            "input": "MuiInput-input",
                                            "inputMarginDense": "MuiInput-inputMarginDense",
                                            "inputMultiline": "MuiInput-inputMultiline",
                                            "inputTypeSearch": "MuiInput-inputTypeSearch",
                                            "marginDense": "MuiInput-marginDense",
                                            "multiline": "MuiInput-multiline",
                                            "root": "MuiInput-root MuiInput-underline",
                                            "underline": null,
                                          }
                                        }
                                        fullWidth={false}
                                        id="standard-basic"
                                        inputComponent="input"
                                        multiline={false}
                                        name="email"
                                        onChange={[Function]}
                                        type="Email"
                                        value=""
                                      >
                                        <ForwardRef(InputBase)
                                          autoFocus={false}
                                          classes={
                                            Object {
                                              "adornedEnd": "MuiInputBase-adornedEnd",
                                              "adornedStart": "MuiInputBase-adornedStart",
                                              "colorSecondary": "MuiInputBase-colorSecondary MuiInput-colorSecondary",
                                              "disabled": "Mui-disabled Mui-disabled",
                                              "error": "Mui-error Mui-error",
                                              "focused": "Mui-focused Mui-focused",
                                              "formControl": "MuiInputBase-formControl MuiInput-formControl",
                                              "fullWidth": "MuiInputBase-fullWidth MuiInput-fullWidth",
                                              "input": "MuiInputBase-input MuiInput-input",
                                              "inputAdornedEnd": "MuiInputBase-inputAdornedEnd",
                                              "inputAdornedStart": "MuiInputBase-inputAdornedStart",
                                              "inputHiddenLabel": "MuiInputBase-inputHiddenLabel",
                                              "inputMarginDense": "MuiInputBase-inputMarginDense MuiInput-inputMarginDense",
                                              "inputMultiline": "MuiInputBase-inputMultiline MuiInput-inputMultiline",
                                              "inputTypeSearch": "MuiInputBase-inputTypeSearch MuiInput-inputTypeSearch",
                                              "marginDense": "MuiInputBase-marginDense MuiInput-marginDense",
                                              "multiline": "MuiInputBase-multiline MuiInput-multiline",
                                              "root": "MuiInputBase-root MuiInput-root MuiInput-underline",
                                            }
                                          }
                                          fullWidth={false}
                                          id="standard-basic"
                                          inputComponent="input"
                                          multiline={false}
                                          name="email"
                                          onChange={[Function]}
                                          type="Email"
                                          value=""
                                        >
                                          <div
                                            className="MuiInputBase-root MuiInput-root MuiInput-underline MuiInputBase-formControl MuiInput-formControl"
                                            onClick={[Function]}
                                          >
                                            <input
                                              aria-invalid={false}
                                              autoFocus={false}
                                              className="MuiInputBase-input MuiInput-input"
                                              disabled={false}
                                              id="standard-basic"
                                              name="email"
                                              onAnimationStart={[Function]}
                                              onBlur={[Function]}
                                              onChange={[Function]}
                                              onFocus={[Function]}
                                              required={false}
                                              type="Email"
                                              value=""
                                            />
                                          </div>
                                        </ForwardRef(InputBase)>
                                      </WithStyles(ForwardRef(InputBase))>
                                    </ForwardRef(Input)>
                                  </WithStyles(ForwardRef(Input))>
                                </div>
                              </ForwardRef(FormControl)>
                            </WithStyles(ForwardRef(FormControl))>
                          </ForwardRef(TextField)>
                        </WithStyles(ForwardRef(TextField))>
                      </div>
                    </ForwardRef(Grid)>
                  </WithStyles(ForwardRef(Grid))>
                  <WithStyles(ForwardRef(Grid))
                    item={true}
                  >
                    <ForwardRef(Grid)
                      classes={
                        Object {
                          "align-content-xs-center": "MuiGrid-align-content-xs-center",
                          "align-content-xs-flex-end": "MuiGrid-align-content-xs-flex-end",
                          "align-content-xs-flex-start": "MuiGrid-align-content-xs-flex-start",
                          "align-content-xs-space-around": "MuiGrid-align-content-xs-space-around",
                          "align-content-xs-space-between": "MuiGrid-align-content-xs-space-between",
                          "align-items-xs-baseline": "MuiGrid-align-items-xs-baseline",
                          "align-items-xs-center": "MuiGrid-align-items-xs-center",
                          "align-items-xs-flex-end": "MuiGrid-align-items-xs-flex-end",
                          "align-items-xs-flex-start": "MuiGrid-align-items-xs-flex-start",
                          "container": "MuiGrid-container",
                          "direction-xs-column": "MuiGrid-direction-xs-column",
                          "direction-xs-column-reverse": "MuiGrid-direction-xs-column-reverse",
                          "direction-xs-row-reverse": "MuiGrid-direction-xs-row-reverse",
                          "grid-lg-1": "MuiGrid-grid-lg-1",
                          "grid-lg-10": "MuiGrid-grid-lg-10",
                          "grid-lg-11": "MuiGrid-grid-lg-11",
                          "grid-lg-12": "MuiGrid-grid-lg-12",
                          "grid-lg-2": "MuiGrid-grid-lg-2",
                          "grid-lg-3": "MuiGrid-grid-lg-3",
                          "grid-lg-4": "MuiGrid-grid-lg-4",
                          "grid-lg-5": "MuiGrid-grid-lg-5",
                          "grid-lg-6": "MuiGrid-grid-lg-6",
                          "grid-lg-7": "MuiGrid-grid-lg-7",
                          "grid-lg-8": "MuiGrid-grid-lg-8",
                          "grid-lg-9": "MuiGrid-grid-lg-9",
                          "grid-lg-auto": "MuiGrid-grid-lg-auto",
                          "grid-lg-true": "MuiGrid-grid-lg-true",
                          "grid-md-1": "MuiGrid-grid-md-1",
                          "grid-md-10": "MuiGrid-grid-md-10",
                          "grid-md-11": "MuiGrid-grid-md-11",
                          "grid-md-12": "MuiGrid-grid-md-12",
                          "grid-md-2": "MuiGrid-grid-md-2",
                          "grid-md-3": "MuiGrid-grid-md-3",
                          "grid-md-4": "MuiGrid-grid-md-4",
                          "grid-md-5": "MuiGrid-grid-md-5",
                          "grid-md-6": "MuiGrid-grid-md-6",
                          "grid-md-7": "MuiGrid-grid-md-7",
                          "grid-md-8": "MuiGrid-grid-md-8",
                          "grid-md-9": "MuiGrid-grid-md-9",
                          "grid-md-auto": "MuiGrid-grid-md-auto",
                          "grid-md-true": "MuiGrid-grid-md-true",
                          "grid-sm-1": "MuiGrid-grid-sm-1",
                          "grid-sm-10": "MuiGrid-grid-sm-10",
                          "grid-sm-11": "MuiGrid-grid-sm-11",
                          "grid-sm-12": "MuiGrid-grid-sm-12",
                          "grid-sm-2": "MuiGrid-grid-sm-2",
                          "grid-sm-3": "MuiGrid-grid-sm-3",
                          "grid-sm-4": "MuiGrid-grid-sm-4",
                          "grid-sm-5": "MuiGrid-grid-sm-5",
                          "grid-sm-6": "MuiGrid-grid-sm-6",
                          "grid-sm-7": "MuiGrid-grid-sm-7",
                          "grid-sm-8": "MuiGrid-grid-sm-8",
                          "grid-sm-9": "MuiGrid-grid-sm-9",
                          "grid-sm-auto": "MuiGrid-grid-sm-auto",
                          "grid-sm-true": "MuiGrid-grid-sm-true",
                          "grid-xl-1": "MuiGrid-grid-xl-1",
                          "grid-xl-10": "MuiGrid-grid-xl-10",
                          "grid-xl-11": "MuiGrid-grid-xl-11",
                          "grid-xl-12": "MuiGrid-grid-xl-12",
                          "grid-xl-2": "MuiGrid-grid-xl-2",
                          "grid-xl-3": "MuiGrid-grid-xl-3",
                          "grid-xl-4": "MuiGrid-grid-xl-4",
                          "grid-xl-5": "MuiGrid-grid-xl-5",
                          "grid-xl-6": "MuiGrid-grid-xl-6",
                          "grid-xl-7": "MuiGrid-grid-xl-7",
                          "grid-xl-8": "MuiGrid-grid-xl-8",
                          "grid-xl-9": "MuiGrid-grid-xl-9",
                          "grid-xl-auto": "MuiGrid-grid-xl-auto",
                          "grid-xl-true": "MuiGrid-grid-xl-true",
                          "grid-xs-1": "MuiGrid-grid-xs-1",
                          "grid-xs-10": "MuiGrid-grid-xs-10",
                          "grid-xs-11": "MuiGrid-grid-xs-11",
                          "grid-xs-12": "MuiGrid-grid-xs-12",
                          "grid-xs-2": "MuiGrid-grid-xs-2",
                          "grid-xs-3": "MuiGrid-grid-xs-3",
                          "grid-xs-4": "MuiGrid-grid-xs-4",
                          "grid-xs-5": "MuiGrid-grid-xs-5",
                          "grid-xs-6": "MuiGrid-grid-xs-6",
                          "grid-xs-7": "MuiGrid-grid-xs-7",
                          "grid-xs-8": "MuiGrid-grid-xs-8",
                          "grid-xs-9": "MuiGrid-grid-xs-9",
                          "grid-xs-auto": "MuiGrid-grid-xs-auto",
                          "grid-xs-true": "MuiGrid-grid-xs-true",
                          "item": "MuiGrid-item",
                          "justify-xs-center": "MuiGrid-justify-xs-center",
                          "justify-xs-flex-end": "MuiGrid-justify-xs-flex-end",
                          "justify-xs-space-around": "MuiGrid-justify-xs-space-around",
                          "justify-xs-space-between": "MuiGrid-justify-xs-space-between",
                          "justify-xs-space-evenly": "MuiGrid-justify-xs-space-evenly",
                          "root": "MuiGrid-root",
                          "spacing-xs-1": "MuiGrid-spacing-xs-1",
                          "spacing-xs-10": "MuiGrid-spacing-xs-10",
                          "spacing-xs-2": "MuiGrid-spacing-xs-2",
                          "spacing-xs-3": "MuiGrid-spacing-xs-3",
                          "spacing-xs-4": "MuiGrid-spacing-xs-4",
                          "spacing-xs-5": "MuiGrid-spacing-xs-5",
                          "spacing-xs-6": "MuiGrid-spacing-xs-6",
                          "spacing-xs-7": "MuiGrid-spacing-xs-7",
                          "spacing-xs-8": "MuiGrid-spacing-xs-8",
                          "spacing-xs-9": "MuiGrid-spacing-xs-9",
                          "wrap-xs-nowrap": "MuiGrid-wrap-xs-nowrap",
                          "wrap-xs-wrap-reverse": "MuiGrid-wrap-xs-wrap-reverse",
                          "zeroMinWidth": "MuiGrid-zeroMinWidth",
                        }
                      }
                      item={true}
                    >
                      <div
                        className="MuiGrid-root MuiGrid-item"
                      >
                        <WithStyles(ForwardRef(TextField))
                          error={false}
                          id="standard-basic"
                          label="Password"
                          name="password"
                          onChange={[Function]}
                          type="Password"
                          value=""
                        >
                          <ForwardRef(TextField)
                            classes={
                              Object {
                                "root": "MuiTextField-root",
                              }
                            }
                            error={false}
                            id="standard-basic"
                            label="Password"
                            name="password"
                            onChange={[Function]}
                            type="Password"
                            value=""
                          >
                            <WithStyles(ForwardRef(FormControl))
                              className="MuiTextField-root"
                              color="primary"
                              disabled={false}
                              error={false}
                              fullWidth={false}
                              required={false}
                              variant="standard"
                            >
                              <ForwardRef(FormControl)
                                className="MuiTextField-root"
                                classes={
                                  Object {
                                    "fullWidth": "MuiFormControl-fullWidth",
                                    "marginDense": "MuiFormControl-marginDense",
                                    "marginNormal": "MuiFormControl-marginNormal",
                                    "root": "MuiFormControl-root",
                                  }
                                }
                                color="primary"
                                disabled={false}
                                error={false}
                                fullWidth={false}
                                required={false}
                                variant="standard"
                              >
                                <div
                                  className="MuiFormControl-root MuiTextField-root"
                                >
                                  <WithStyles(ForwardRef(InputLabel))
                                    htmlFor="standard-basic"
                                    id="standard-basic-label"
                                  >
                                    <ForwardRef(InputLabel)
                                      classes={
                                        Object {
                                          "animated": "MuiInputLabel-animated",
                                          "asterisk": "MuiInputLabel-asterisk",
                                          "disabled": "Mui-disabled",
                                          "error": "Mui-error",
                                          "filled": "MuiInputLabel-filled",
                                          "focused": "Mui-focused",
                                          "formControl": "MuiInputLabel-formControl",
                                          "marginDense": "MuiInputLabel-marginDense",
                                          "outlined": "MuiInputLabel-outlined",
                                          "required": "Mui-required",
                                          "root": "MuiInputLabel-root",
                                          "shrink": "MuiInputLabel-shrink",
                                        }
                                      }
                                      htmlFor="standard-basic"
                                      id="standard-basic-label"
                                    >
                                      <WithStyles(ForwardRef(FormLabel))
                                        className="MuiInputLabel-root MuiInputLabel-formControl MuiInputLabel-animated"
                                        classes={
                                          Object {
                                            "asterisk": "MuiInputLabel-asterisk",
                                            "disabled": "Mui-disabled",
                                            "error": "Mui-error",
                                            "focused": "Mui-focused",
                                            "required": "Mui-required",
                                          }
                                        }
                                        data-shrink={false}
                                        htmlFor="standard-basic"
                                        id="standard-basic-label"
                                      >
                                        <ForwardRef(FormLabel)
                                          className="MuiInputLabel-root MuiInputLabel-formControl MuiInputLabel-animated"
                                          classes={
                                            Object {
                                              "asterisk": "MuiFormLabel-asterisk MuiInputLabel-asterisk",
                                              "colorSecondary": "MuiFormLabel-colorSecondary",
                                              "disabled": "Mui-disabled Mui-disabled",
                                              "error": "Mui-error Mui-error",
                                              "filled": "MuiFormLabel-filled",
                                              "focused": "Mui-focused Mui-focused",
                                              "required": "Mui-required Mui-required",
                                              "root": "MuiFormLabel-root",
                                            }
                                          }
                                          data-shrink={false}
                                          htmlFor="standard-basic"
                                          id="standard-basic-label"
                                        >
                                          <label
                                            className="MuiFormLabel-root MuiInputLabel-root MuiInputLabel-formControl MuiInputLabel-animated"
                                            data-shrink={false}
                                            htmlFor="standard-basic"
                                            id="standard-basic-label"
                                          >
                                            Password
                                          </label>
                                        </ForwardRef(FormLabel)>
                                      </WithStyles(ForwardRef(FormLabel))>
                                    </ForwardRef(InputLabel)>
                                  </WithStyles(ForwardRef(InputLabel))>
                                  <WithStyles(ForwardRef(Input))
                                    autoFocus={false}
                                    fullWidth={false}
                                    id="standard-basic"
                                    multiline={false}
                                    name="password"
                                    onChange={[Function]}
                                    type="Password"
                                    value=""
                                  >
                                    <ForwardRef(Input)
                                      autoFocus={false}
                                      classes={
                                        Object {
                                          "colorSecondary": "MuiInput-colorSecondary",
                                          "disabled": "Mui-disabled",
                                          "error": "Mui-error",
                                          "focused": "Mui-focused",
                                          "formControl": "MuiInput-formControl",
                                          "fullWidth": "MuiInput-fullWidth",
                                          "input": "MuiInput-input",
                                          "inputMarginDense": "MuiInput-inputMarginDense",
                                          "inputMultiline": "MuiInput-inputMultiline",
                                          "inputTypeSearch": "MuiInput-inputTypeSearch",
                                          "marginDense": "MuiInput-marginDense",
                                          "multiline": "MuiInput-multiline",
                                          "root": "MuiInput-root",
                                          "underline": "MuiInput-underline",
                                        }
                                      }
                                      fullWidth={false}
                                      id="standard-basic"
                                      multiline={false}
                                      name="password"
                                      onChange={[Function]}
                                      type="Password"
                                      value=""
                                    >
                                      <WithStyles(ForwardRef(InputBase))
                                        autoFocus={false}
                                        classes={
                                          Object {
                                            "colorSecondary": "MuiInput-colorSecondary",
                                            "disabled": "Mui-disabled",
                                            "error": "Mui-error",
                                            "focused": "Mui-focused",
                                            "formControl": "MuiInput-formControl",
                                            "fullWidth": "MuiInput-fullWidth",
                                            "input": "MuiInput-input",
                                            "inputMarginDense": "MuiInput-inputMarginDense",
                                            "inputMultiline": "MuiInput-inputMultiline",
                                            "inputTypeSearch": "MuiInput-inputTypeSearch",
                                            "marginDense": "MuiInput-marginDense",
                                            "multiline": "MuiInput-multiline",
                                            "root": "MuiInput-root MuiInput-underline",
                                            "underline": null,
                                          }
                                        }
                                        fullWidth={false}
                                        id="standard-basic"
                                        inputComponent="input"
                                        multiline={false}
                                        name="password"
                                        onChange={[Function]}
                                        type="Password"
                                        value=""
                                      >
                                        <ForwardRef(InputBase)
                                          autoFocus={false}
                                          classes={
                                            Object {
                                              "adornedEnd": "MuiInputBase-adornedEnd",
                                              "adornedStart": "MuiInputBase-adornedStart",
                                              "colorSecondary": "MuiInputBase-colorSecondary MuiInput-colorSecondary",
                                              "disabled": "Mui-disabled Mui-disabled",
                                              "error": "Mui-error Mui-error",
                                              "focused": "Mui-focused Mui-focused",
                                              "formControl": "MuiInputBase-formControl MuiInput-formControl",
                                              "fullWidth": "MuiInputBase-fullWidth MuiInput-fullWidth",
                                              "input": "MuiInputBase-input MuiInput-input",
                                              "inputAdornedEnd": "MuiInputBase-inputAdornedEnd",
                                              "inputAdornedStart": "MuiInputBase-inputAdornedStart",
                                              "inputHiddenLabel": "MuiInputBase-inputHiddenLabel",
                                              "inputMarginDense": "MuiInputBase-inputMarginDense MuiInput-inputMarginDense",
                                              "inputMultiline": "MuiInputBase-inputMultiline MuiInput-inputMultiline",
                                              "inputTypeSearch": "MuiInputBase-inputTypeSearch MuiInput-inputTypeSearch",
                                              "marginDense": "MuiInputBase-marginDense MuiInput-marginDense",
                                              "multiline": "MuiInputBase-multiline MuiInput-multiline",
                                              "root": "MuiInputBase-root MuiInput-root MuiInput-underline",
                                            }
                                          }
                                          fullWidth={false}
                                          id="standard-basic"
                                          inputComponent="input"
                                          multiline={false}
                                          name="password"
                                          onChange={[Function]}
                                          type="Password"
                                          value=""
                                        >
                                          <div
                                            className="MuiInputBase-root MuiInput-root MuiInput-underline MuiInputBase-formControl MuiInput-formControl"
                                            onClick={[Function]}
                                          >
                                            <input
                                              aria-invalid={false}
                                              autoFocus={false}
                                              className="MuiInputBase-input MuiInput-input"
                                              disabled={false}
                                              id="standard-basic"
                                              name="password"
                                              onAnimationStart={[Function]}
                                              onBlur={[Function]}
                                              onChange={[Function]}
                                              onFocus={[Function]}
                                              required={false}
                                              type="Password"
                                              value=""
                                            />
                                          </div>
                                        </ForwardRef(InputBase)>
                                      </WithStyles(ForwardRef(InputBase))>
                                    </ForwardRef(Input)>
                                  </WithStyles(ForwardRef(Input))>
                                </div>
                              </ForwardRef(FormControl)>
                            </WithStyles(ForwardRef(FormControl))>
                          </ForwardRef(TextField)>
                        </WithStyles(ForwardRef(TextField))>
                      </div>
                    </ForwardRef(Grid)>
                  </WithStyles(ForwardRef(Grid))>
                  <WithStyles(ForwardRef(Grid))
                    item={true}
                  >
                    <ForwardRef(Grid)
                      classes={
                        Object {
                          "align-content-xs-center": "MuiGrid-align-content-xs-center",
                          "align-content-xs-flex-end": "MuiGrid-align-content-xs-flex-end",
                          "align-content-xs-flex-start": "MuiGrid-align-content-xs-flex-start",
                          "align-content-xs-space-around": "MuiGrid-align-content-xs-space-around",
                          "align-content-xs-space-between": "MuiGrid-align-content-xs-space-between",
                          "align-items-xs-baseline": "MuiGrid-align-items-xs-baseline",
                          "align-items-xs-center": "MuiGrid-align-items-xs-center",
                          "align-items-xs-flex-end": "MuiGrid-align-items-xs-flex-end",
                          "align-items-xs-flex-start": "MuiGrid-align-items-xs-flex-start",
                          "container": "MuiGrid-container",
                          "direction-xs-column": "MuiGrid-direction-xs-column",
                          "direction-xs-column-reverse": "MuiGrid-direction-xs-column-reverse",
                          "direction-xs-row-reverse": "MuiGrid-direction-xs-row-reverse",
                          "grid-lg-1": "MuiGrid-grid-lg-1",
                          "grid-lg-10": "MuiGrid-grid-lg-10",
                          "grid-lg-11": "MuiGrid-grid-lg-11",
                          "grid-lg-12": "MuiGrid-grid-lg-12",
                          "grid-lg-2": "MuiGrid-grid-lg-2",
                          "grid-lg-3": "MuiGrid-grid-lg-3",
                          "grid-lg-4": "MuiGrid-grid-lg-4",
                          "grid-lg-5": "MuiGrid-grid-lg-5",
                          "grid-lg-6": "MuiGrid-grid-lg-6",
                          "grid-lg-7": "MuiGrid-grid-lg-7",
                          "grid-lg-8": "MuiGrid-grid-lg-8",
                          "grid-lg-9": "MuiGrid-grid-lg-9",
                          "grid-lg-auto": "MuiGrid-grid-lg-auto",
                          "grid-lg-true": "MuiGrid-grid-lg-true",
                          "grid-md-1": "MuiGrid-grid-md-1",
                          "grid-md-10": "MuiGrid-grid-md-10",
                          "grid-md-11": "MuiGrid-grid-md-11",
                          "grid-md-12": "MuiGrid-grid-md-12",
                          "grid-md-2": "MuiGrid-grid-md-2",
                          "grid-md-3": "MuiGrid-grid-md-3",
                          "grid-md-4": "MuiGrid-grid-md-4",
                          "grid-md-5": "MuiGrid-grid-md-5",
                          "grid-md-6": "MuiGrid-grid-md-6",
                          "grid-md-7": "MuiGrid-grid-md-7",
                          "grid-md-8": "MuiGrid-grid-md-8",
                          "grid-md-9": "MuiGrid-grid-md-9",
                          "grid-md-auto": "MuiGrid-grid-md-auto",
                          "grid-md-true": "MuiGrid-grid-md-true",
                          "grid-sm-1": "MuiGrid-grid-sm-1",
                          "grid-sm-10": "MuiGrid-grid-sm-10",
                          "grid-sm-11": "MuiGrid-grid-sm-11",
                          "grid-sm-12": "MuiGrid-grid-sm-12",
                          "grid-sm-2": "MuiGrid-grid-sm-2",
                          "grid-sm-3": "MuiGrid-grid-sm-3",
                          "grid-sm-4": "MuiGrid-grid-sm-4",
                          "grid-sm-5": "MuiGrid-grid-sm-5",
                          "grid-sm-6": "MuiGrid-grid-sm-6",
                          "grid-sm-7": "MuiGrid-grid-sm-7",
                          "grid-sm-8": "MuiGrid-grid-sm-8",
                          "grid-sm-9": "MuiGrid-grid-sm-9",
                          "grid-sm-auto": "MuiGrid-grid-sm-auto",
                          "grid-sm-true": "MuiGrid-grid-sm-true",
                          "grid-xl-1": "MuiGrid-grid-xl-1",
                          "grid-xl-10": "MuiGrid-grid-xl-10",
                          "grid-xl-11": "MuiGrid-grid-xl-11",
                          "grid-xl-12": "MuiGrid-grid-xl-12",
                          "grid-xl-2": "MuiGrid-grid-xl-2",
                          "grid-xl-3": "MuiGrid-grid-xl-3",
                          "grid-xl-4": "MuiGrid-grid-xl-4",
                          "grid-xl-5": "MuiGrid-grid-xl-5",
                          "grid-xl-6": "MuiGrid-grid-xl-6",
                          "grid-xl-7": "MuiGrid-grid-xl-7",
                          "grid-xl-8": "MuiGrid-grid-xl-8",
                          "grid-xl-9": "MuiGrid-grid-xl-9",
                          "grid-xl-auto": "MuiGrid-grid-xl-auto",
                          "grid-xl-true": "MuiGrid-grid-xl-true",
                          "grid-xs-1": "MuiGrid-grid-xs-1",
                          "grid-xs-10": "MuiGrid-grid-xs-10",
                          "grid-xs-11": "MuiGrid-grid-xs-11",
                          "grid-xs-12": "MuiGrid-grid-xs-12",
                          "grid-xs-2": "MuiGrid-grid-xs-2",
                          "grid-xs-3": "MuiGrid-grid-xs-3",
                          "grid-xs-4": "MuiGrid-grid-xs-4",
                          "grid-xs-5": "MuiGrid-grid-xs-5",
                          "grid-xs-6": "MuiGrid-grid-xs-6",
                          "grid-xs-7": "MuiGrid-grid-xs-7",
                          "grid-xs-8": "MuiGrid-grid-xs-8",
                          "grid-xs-9": "MuiGrid-grid-xs-9",
                          "grid-xs-auto": "MuiGrid-grid-xs-auto",
                          "grid-xs-true": "MuiGrid-grid-xs-true",
                          "item": "MuiGrid-item",
                          "justify-xs-center": "MuiGrid-justify-xs-center",
                          "justify-xs-flex-end": "MuiGrid-justify-xs-flex-end",
                          "justify-xs-space-around": "MuiGrid-justify-xs-space-around",
                          "justify-xs-space-between": "MuiGrid-justify-xs-space-between",
                          "justify-xs-space-evenly": "MuiGrid-justify-xs-space-evenly",
                          "root": "MuiGrid-root",
                          "spacing-xs-1": "MuiGrid-spacing-xs-1",
                          "spacing-xs-10": "MuiGrid-spacing-xs-10",
                          "spacing-xs-2": "MuiGrid-spacing-xs-2",
                          "spacing-xs-3": "MuiGrid-spacing-xs-3",
                          "spacing-xs-4": "MuiGrid-spacing-xs-4",
                          "spacing-xs-5": "MuiGrid-spacing-xs-5",
                          "spacing-xs-6": "MuiGrid-spacing-xs-6",
                          "spacing-xs-7": "MuiGrid-spacing-xs-7",
                          "spacing-xs-8": "MuiGrid-spacing-xs-8",
                          "spacing-xs-9": "MuiGrid-spacing-xs-9",
                          "wrap-xs-nowrap": "MuiGrid-wrap-xs-nowrap",
                          "wrap-xs-wrap-reverse": "MuiGrid-wrap-xs-wrap-reverse",
                          "zeroMinWidth": "MuiGrid-zeroMinWidth",
                        }
                      }
                      item={true}
                    >
                      <div
                        className="MuiGrid-root MuiGrid-item"
                      >
                        <WithStyles(ForwardRef(Button))
                          color="primary"
                          size="large"
                          type="submit"
                          variant="contained"
                        >
                          <ForwardRef(Button)
                            classes={
                              Object {
                                "colorInherit": "MuiButton-colorInherit",
                                "contained": "MuiButton-contained",
                                "containedPrimary": "MuiButton-containedPrimary",
                                "containedSecondary": "MuiButton-containedSecondary",
                                "containedSizeLarge": "MuiButton-containedSizeLarge",
                                "containedSizeSmall": "MuiButton-containedSizeSmall",
                                "disableElevation": "MuiButton-disableElevation",
                                "disabled": "Mui-disabled",
                                "endIcon": "MuiButton-endIcon",
                                "focusVisible": "Mui-focusVisible",
                                "fullWidth": "MuiButton-fullWidth",
                                "iconSizeLarge": "MuiButton-iconSizeLarge",
                                "iconSizeMedium": "MuiButton-iconSizeMedium",
                                "iconSizeSmall": "MuiButton-iconSizeSmall",
                                "label": "MuiButton-label",
                                "outlined": "MuiButton-outlined",
                                "outlinedPrimary": "MuiButton-outlinedPrimary",
                                "outlinedSecondary": "MuiButton-outlinedSecondary",
                                "outlinedSizeLarge": "MuiButton-outlinedSizeLarge",
                                "outlinedSizeSmall": "MuiButton-outlinedSizeSmall",
                                "root": "MuiButton-root",
                                "sizeLarge": "MuiButton-sizeLarge",
                                "sizeSmall": "MuiButton-sizeSmall",
                                "startIcon": "MuiButton-startIcon",
                                "text": "MuiButton-text",
                                "textPrimary": "MuiButton-textPrimary",
                                "textSecondary": "MuiButton-textSecondary",
                                "textSizeLarge": "MuiButton-textSizeLarge",
                                "textSizeSmall": "MuiButton-textSizeSmall",
                              }
                            }
                            color="primary"
                            size="large"
                            type="submit"
                            variant="contained"
                          >
                            <WithStyles(ForwardRef(ButtonBase))
                              className="MuiButton-root MuiButton-contained MuiButton-containedPrimary MuiButton-containedSizeLarge MuiButton-sizeLarge"
                              component="button"
                              disabled={false}
                              focusRipple={true}
                              focusVisibleClassName="Mui-focusVisible"
                              type="submit"
                            >
                              <ForwardRef(ButtonBase)
                                className="MuiButton-root MuiButton-contained MuiButton-containedPrimary MuiButton-containedSizeLarge MuiButton-sizeLarge"
                                classes={
                                  Object {
                                    "disabled": "Mui-disabled",
                                    "focusVisible": "Mui-focusVisible",
                                    "root": "MuiButtonBase-root",
                                  }
                                }
                                component="button"
                                disabled={false}
                                focusRipple={true}
                                focusVisibleClassName="Mui-focusVisible"
                                type="submit"
                              >
                                <button
                                  className="MuiButtonBase-root MuiButton-root MuiButton-contained MuiButton-containedPrimary MuiButton-containedSizeLarge MuiButton-sizeLarge"
                                  disabled={false}
                                  onBlur={[Function]}
                                  onDragLeave={[Function]}
                                  onFocus={[Function]}
                                  onKeyDown={[Function]}
                                  onKeyUp={[Function]}
                                  onMouseDown={[Function]}
                                  onMouseLeave={[Function]}
                                  onMouseUp={[Function]}
                                  onTouchEnd={[Function]}
                                  onTouchMove={[Function]}
                                  onTouchStart={[Function]}
                                  tabIndex={0}
                                  type="submit"
                                >
                                  <span
                                    className="MuiButton-label"
                                  >
                                    Sign In
                                  </span>
                                  <WithStyles(memo)
                                    center={false}
                                  >
                                    <ForwardRef(TouchRipple)
                                      center={false}
                                      classes={
                                        Object {
                                          "child": "MuiTouchRipple-child",
                                          "childLeaving": "MuiTouchRipple-childLeaving",
                                          "childPulsate": "MuiTouchRipple-childPulsate",
                                          "ripple": "MuiTouchRipple-ripple",
                                          "ripplePulsate": "MuiTouchRipple-ripplePulsate",
                                          "rippleVisible": "MuiTouchRipple-rippleVisible",
                                          "root": "MuiTouchRipple-root",
                                        }
                                      }
                                    >
                                      <span
                                        className="MuiTouchRipple-root"
                                      >
                                        <TransitionGroup
                                          childFactory={[Function]}
                                          component={null}
                                          exit={true}
                                        />
                                      </span>
                                    </ForwardRef(TouchRipple)>
                                  </WithStyles(memo)>
                                </button>
                              </ForwardRef(ButtonBase)>
                            </WithStyles(ForwardRef(ButtonBase))>
                          </ForwardRef(Button)>
                        </WithStyles(ForwardRef(Button))>
                      </div>
                    </ForwardRef(Grid)>
                  </WithStyles(ForwardRef(Grid))>
                  <WithStyles(ForwardRef(Grid))
                    item={true}
                  >
                    <ForwardRef(Grid)
                      classes={
                        Object {
                          "align-content-xs-center": "MuiGrid-align-content-xs-center",
                          "align-content-xs-flex-end": "MuiGrid-align-content-xs-flex-end",
                          "align-content-xs-flex-start": "MuiGrid-align-content-xs-flex-start",
                          "align-content-xs-space-around": "MuiGrid-align-content-xs-space-around",
                          "align-content-xs-space-between": "MuiGrid-align-content-xs-space-between",
                          "align-items-xs-baseline": "MuiGrid-align-items-xs-baseline",
                          "align-items-xs-center": "MuiGrid-align-items-xs-center",
                          "align-items-xs-flex-end": "MuiGrid-align-items-xs-flex-end",
                          "align-items-xs-flex-start": "MuiGrid-align-items-xs-flex-start",
                          "container": "MuiGrid-container",
                          "direction-xs-column": "MuiGrid-direction-xs-column",
                          "direction-xs-column-reverse": "MuiGrid-direction-xs-column-reverse",
                          "direction-xs-row-reverse": "MuiGrid-direction-xs-row-reverse",
                          "grid-lg-1": "MuiGrid-grid-lg-1",
                          "grid-lg-10": "MuiGrid-grid-lg-10",
                          "grid-lg-11": "MuiGrid-grid-lg-11",
                          "grid-lg-12": "MuiGrid-grid-lg-12",
                          "grid-lg-2": "MuiGrid-grid-lg-2",
                          "grid-lg-3": "MuiGrid-grid-lg-3",
                          "grid-lg-4": "MuiGrid-grid-lg-4",
                          "grid-lg-5": "MuiGrid-grid-lg-5",
                          "grid-lg-6": "MuiGrid-grid-lg-6",
                          "grid-lg-7": "MuiGrid-grid-lg-7",
                          "grid-lg-8": "MuiGrid-grid-lg-8",
                          "grid-lg-9": "MuiGrid-grid-lg-9",
                          "grid-lg-auto": "MuiGrid-grid-lg-auto",
                          "grid-lg-true": "MuiGrid-grid-lg-true",
                          "grid-md-1": "MuiGrid-grid-md-1",
                          "grid-md-10": "MuiGrid-grid-md-10",
                          "grid-md-11": "MuiGrid-grid-md-11",
                          "grid-md-12": "MuiGrid-grid-md-12",
                          "grid-md-2": "MuiGrid-grid-md-2",
                          "grid-md-3": "MuiGrid-grid-md-3",
                          "grid-md-4": "MuiGrid-grid-md-4",
                          "grid-md-5": "MuiGrid-grid-md-5",
                          "grid-md-6": "MuiGrid-grid-md-6",
                          "grid-md-7": "MuiGrid-grid-md-7",
                          "grid-md-8": "MuiGrid-grid-md-8",
                          "grid-md-9": "MuiGrid-grid-md-9",
                          "grid-md-auto": "MuiGrid-grid-md-auto",
                          "grid-md-true": "MuiGrid-grid-md-true",
                          "grid-sm-1": "MuiGrid-grid-sm-1",
                          "grid-sm-10": "MuiGrid-grid-sm-10",
                          "grid-sm-11": "MuiGrid-grid-sm-11",
                          "grid-sm-12": "MuiGrid-grid-sm-12",
                          "grid-sm-2": "MuiGrid-grid-sm-2",
                          "grid-sm-3": "MuiGrid-grid-sm-3",
                          "grid-sm-4": "MuiGrid-grid-sm-4",
                          "grid-sm-5": "MuiGrid-grid-sm-5",
                          "grid-sm-6": "MuiGrid-grid-sm-6",
                          "grid-sm-7": "MuiGrid-grid-sm-7",
                          "grid-sm-8": "MuiGrid-grid-sm-8",
                          "grid-sm-9": "MuiGrid-grid-sm-9",
                          "grid-sm-auto": "MuiGrid-grid-sm-auto",
                          "grid-sm-true": "MuiGrid-grid-sm-true",
                          "grid-xl-1": "MuiGrid-grid-xl-1",
                          "grid-xl-10": "MuiGrid-grid-xl-10",
                          "grid-xl-11": "MuiGrid-grid-xl-11",
                          "grid-xl-12": "MuiGrid-grid-xl-12",
                          "grid-xl-2": "MuiGrid-grid-xl-2",
                          "grid-xl-3": "MuiGrid-grid-xl-3",
                          "grid-xl-4": "MuiGrid-grid-xl-4",
                          "grid-xl-5": "MuiGrid-grid-xl-5",
                          "grid-xl-6": "MuiGrid-grid-xl-6",
                          "grid-xl-7": "MuiGrid-grid-xl-7",
                          "grid-xl-8": "MuiGrid-grid-xl-8",
                          "grid-xl-9": "MuiGrid-grid-xl-9",
                          "grid-xl-auto": "MuiGrid-grid-xl-auto",
                          "grid-xl-true": "MuiGrid-grid-xl-true",
                          "grid-xs-1": "MuiGrid-grid-xs-1",
                          "grid-xs-10": "MuiGrid-grid-xs-10",
                          "grid-xs-11": "MuiGrid-grid-xs-11",
                          "grid-xs-12": "MuiGrid-grid-xs-12",
                          "grid-xs-2": "MuiGrid-grid-xs-2",
                          "grid-xs-3": "MuiGrid-grid-xs-3",
                          "grid-xs-4": "MuiGrid-grid-xs-4",
                          "grid-xs-5": "MuiGrid-grid-xs-5",
                          "grid-xs-6": "MuiGrid-grid-xs-6",
                          "grid-xs-7": "MuiGrid-grid-xs-7",
                          "grid-xs-8": "MuiGrid-grid-xs-8",
                          "grid-xs-9": "MuiGrid-grid-xs-9",
                          "grid-xs-auto": "MuiGrid-grid-xs-auto",
                          "grid-xs-true": "MuiGrid-grid-xs-true",
                          "item": "MuiGrid-item",
                          "justify-xs-center": "MuiGrid-justify-xs-center",
                          "justify-xs-flex-end": "MuiGrid-justify-xs-flex-end",
                          "justify-xs-space-around": "MuiGrid-justify-xs-space-around",
                          "justify-xs-space-between": "MuiGrid-justify-xs-space-between",
                          "justify-xs-space-evenly": "MuiGrid-justify-xs-space-evenly",
                          "root": "MuiGrid-root",
                          "spacing-xs-1": "MuiGrid-spacing-xs-1",
                          "spacing-xs-10": "MuiGrid-spacing-xs-10",
                          "spacing-xs-2": "MuiGrid-spacing-xs-2",
                          "spacing-xs-3": "MuiGrid-spacing-xs-3",
                          "spacing-xs-4": "MuiGrid-spacing-xs-4",
                          "spacing-xs-5": "MuiGrid-spacing-xs-5",
                          "spacing-xs-6": "MuiGrid-spacing-xs-6",
                          "spacing-xs-7": "MuiGrid-spacing-xs-7",
                          "spacing-xs-8": "MuiGrid-spacing-xs-8",
                          "spacing-xs-9": "MuiGrid-spacing-xs-9",
                          "wrap-xs-nowrap": "MuiGrid-wrap-xs-nowrap",
                          "wrap-xs-wrap-reverse": "MuiGrid-wrap-xs-wrap-reverse",
                          "zeroMinWidth": "MuiGrid-zeroMinWidth",
                        }
                      }
                      item={true}
                    >
                      <div
                        className="MuiGrid-root MuiGrid-item"
                      >
                        <WithStyles(ForwardRef(Button))
                          color="primary"
                          onClick={[Function]}
                          size="large"
                          variant="contained"
                        >
                          <ForwardRef(Button)
                            classes={
                              Object {
                                "colorInherit": "MuiButton-colorInherit",
                                "contained": "MuiButton-contained",
                                "containedPrimary": "MuiButton-containedPrimary",
                                "containedSecondary": "MuiButton-containedSecondary",
                                "containedSizeLarge": "MuiButton-containedSizeLarge",
                                "containedSizeSmall": "MuiButton-containedSizeSmall",
                                "disableElevation": "MuiButton-disableElevation",
                                "disabled": "Mui-disabled",
                                "endIcon": "MuiButton-endIcon",
                                "focusVisible": "Mui-focusVisible",
                                "fullWidth": "MuiButton-fullWidth",
                                "iconSizeLarge": "MuiButton-iconSizeLarge",
                                "iconSizeMedium": "MuiButton-iconSizeMedium",
                                "iconSizeSmall": "MuiButton-iconSizeSmall",
                                "label": "MuiButton-label",
                                "outlined": "MuiButton-outlined",
                                "outlinedPrimary": "MuiButton-outlinedPrimary",
                                "outlinedSecondary": "MuiButton-outlinedSecondary",
                                "outlinedSizeLarge": "MuiButton-outlinedSizeLarge",
                                "outlinedSizeSmall": "MuiButton-outlinedSizeSmall",
                                "root": "MuiButton-root",
                                "sizeLarge": "MuiButton-sizeLarge",
                                "sizeSmall": "MuiButton-sizeSmall",
                                "startIcon": "MuiButton-startIcon",
                                "text": "MuiButton-text",
                                "textPrimary": "MuiButton-textPrimary",
                                "textSecondary": "MuiButton-textSecondary",
                                "textSizeLarge": "MuiButton-textSizeLarge",
                                "textSizeSmall": "MuiButton-textSizeSmall",
                              }
                            }
                            color="primary"
                            onClick={[Function]}
                            size="large"
                            variant="contained"
                          >
                            <WithStyles(ForwardRef(ButtonBase))
                              className="MuiButton-root MuiButton-contained MuiButton-containedPrimary MuiButton-containedSizeLarge MuiButton-sizeLarge"
                              component="button"
                              disabled={false}
                              focusRipple={true}
                              focusVisibleClassName="Mui-focusVisible"
                              onClick={[Function]}
                              type="button"
                            >
                              <ForwardRef(ButtonBase)
                                className="MuiButton-root MuiButton-contained MuiButton-containedPrimary MuiButton-containedSizeLarge MuiButton-sizeLarge"
                                classes={
                                  Object {
                                    "disabled": "Mui-disabled",
                                    "focusVisible": "Mui-focusVisible",
                                    "root": "MuiButtonBase-root",
                                  }
                                }
                                component="button"
                                disabled={false}
                                focusRipple={true}
                                focusVisibleClassName="Mui-focusVisible"
                                onClick={[Function]}
                                type="button"
                              >
                                <button
                                  className="MuiButtonBase-root MuiButton-root MuiButton-contained MuiButton-containedPrimary MuiButton-containedSizeLarge MuiButton-sizeLarge"
                                  disabled={false}
                                  onBlur={[Function]}
                                  onClick={[Function]}
                                  onDragLeave={[Function]}
                                  onFocus={[Function]}
                                  onKeyDown={[Function]}
                                  onKeyUp={[Function]}
                                  onMouseDown={[Function]}
                                  onMouseLeave={[Function]}
                                  onMouseUp={[Function]}
                                  onTouchEnd={[Function]}
                                  onTouchMove={[Function]}
                                  onTouchStart={[Function]}
                                  tabIndex={0}
                                  type="button"
                                >
                                  <span
                                    className="MuiButton-label"
                                  >
                                    Register
                                  </span>
                                  <WithStyles(memo)
                                    center={false}
                                  >
                                    <ForwardRef(TouchRipple)
                                      center={false}
                                      classes={
                                        Object {
                                          "child": "MuiTouchRipple-child",
                                          "childLeaving": "MuiTouchRipple-childLeaving",
                                          "childPulsate": "MuiTouchRipple-childPulsate",
                                          "ripple": "MuiTouchRipple-ripple",
                                          "ripplePulsate": "MuiTouchRipple-ripplePulsate",
                                          "rippleVisible": "MuiTouchRipple-rippleVisible",
                                          "root": "MuiTouchRipple-root",
                                        }
                                      }
                                    >
                                      <span
                                        className="MuiTouchRipple-root"
                                      >
                                        <TransitionGroup
                                          childFactory={[Function]}
                                          component={null}
                                          exit={true}
                                        />
                                      </span>
                                    </ForwardRef(TouchRipple)>
                                  </WithStyles(memo)>
                                </button>
                              </ForwardRef(ButtonBase)>
                            </WithStyles(ForwardRef(ButtonBase))>
                          </ForwardRef(Button)>
                        </WithStyles(ForwardRef(Button))>
                      </div>
                    </ForwardRef(Grid)>
                  </WithStyles(ForwardRef(Grid))>
                </div>
              </ForwardRef(Grid)>
            </WithStyles(ForwardRef(Grid))>
          </form>
        </SignIn>
      </div>
    </ForwardRef(Container)>
  </WithStyles(ForwardRef(Container))>
</Landing>
`;
